q16 degrade chrome 153.0.8010.53
PASS [chrome] degrade: 28096 runs the q16 build :: {"bundle":"41cd7dbe7d8d","takeover":"patched","trakt":{"Installed":false}}
PASS [chrome] degrade: 28096 has no Trakt plugin
PASS [chrome] degrade: desktop movie: no indicator, no Trakt request, and the empty mount takes no space :: {"mount":{"children":0,"height":0,"firstInSection":true},"answered":[]}
PASS [chrome] degrade: desktop movie: page geometry equal the released build :: {"released":{"geometry":{"buttons":332,"genres":667,"overview":667}},"q16":{"geometry":{"buttons":332,"genres":667,"overview":667}}}
PASS [chrome] degrade: desktop episode: no indicator, no Trakt request, and the empty mount takes no space :: {"mount":{"children":0,"height":0,"firstInSection":true},"answered":[]}
PASS [chrome] degrade: desktop episode: page geometry equal the released build :: {"released":{"geometry":{"buttons":332,"genres":628,"overview":628}},"q16":{"geometry":{"buttons":332,"genres":628,"overview":628}}}
PASS [chrome] degrade: desktop season: no indicator, no Trakt request, and the empty mount takes no space :: {"mount":{"children":0,"height":0,"firstInSection":true},"answered":[]}
PASS [chrome] degrade: desktop season: page geometry equal the released build :: {"released":{"geometry":{"buttons":332,"genres":441,"overview":441}},"q16":{"geometry":{"buttons":332,"genres":441,"overview":441}}}
PASS [chrome] degrade: desktop series: no indicator, no Trakt request, and the empty mount takes no space :: {"mount":{"children":0,"height":0,"firstInSection":true},"answered":[]}
PASS [chrome] degrade: desktop series: page geometry equal the released build :: {"released":{"geometry":{"buttons":332,"genres":441,"overview":441}},"q16":{"geometry":{"buttons":332,"genres":441,"overview":441}}}
PASS [chrome] degrade: desktop: no failed JellyfinMod request and no page error :: {"failed":[],"errors":[]}
PASS [chrome] degrade: mobile movie: no indicator, no Trakt request, and the empty mount takes no space :: {"mount":{"children":0,"height":0,"firstInSection":true},"answered":[]}
PASS [chrome] degrade: mobile movie: page geometry equal the released build :: {"released":{"geometry":{"buttons":383,"genres":703,"overview":703}},"q16":{"geometry":{"buttons":383,"genres":703,"overview":703}}}
PASS [chrome] degrade: mobile episode: no indicator, no Trakt request, and the empty mount takes no space :: {"mount":{"children":0,"height":0,"firstInSection":true},"answered":[]}
PASS [chrome] degrade: mobile episode: page geometry equal the released build :: {"released":{"geometry":{"buttons":430,"genres":731,"overview":731}},"q16":{"geometry":{"buttons":430,"genres":731,"overview":731}}}
PASS [chrome] degrade: mobile season: no indicator, no Trakt request, and the empty mount takes no space :: {"mount":{"children":0,"height":0,"firstInSection":true},"answered":[]}
PASS [chrome] degrade: mobile season: page geometry equal the released build :: {"released":{"geometry":{"buttons":380,"genres":463,"overview":463}},"q16":{"geometry":{"buttons":380,"genres":463,"overview":463}}}
PASS [chrome] degrade: mobile series: no indicator, no Trakt request, and the empty mount takes no space :: {"mount":{"children":0,"height":0,"firstInSection":true},"answered":[]}
PASS [chrome] degrade: mobile series: page geometry equal the released build :: {"released":{"geometry":{"buttons":388,"genres":470,"overview":470}},"q16":{"geometry":{"buttons":388,"genres":470,"overview":470}}}
PASS [chrome] degrade: mobile: no failed JellyfinMod request and no page error :: {"failed":[],"errors":[]}
PASS [chrome] degrade: tv1080 movie: no indicator, no Trakt request, and the empty mount takes no space :: {"mount":{"children":0,"height":0,"firstInSection":true},"answered":[]}
FAIL [chrome] degrade: tv1080 movie: page geometry and D-pad walk equal the released build :: {"released":{"geometry":{"buttons":189,"genres":627,"overview":627},"walk":["button|button-flat.btnPlay.detailButton|resume|Play|","ArrowDown>select|selectSubtitles.detailTrackSelect.emby-select-withcolor||OffDanish - Default - SUBRIPEn|","ArrowDown>button|jfmod-versionRow||○2160p10.3 GBDefault|","ArrowDown>button|jfmod-versionRow.jfmod-versionRow--selected||●2160pHEVC · E-AC3 2.0 · 10.3 |","ArrowRight>a|button-link.emby-button||ukraine|","ArrowDown>a|button-link.emby-button||russo-ukrainian war|","ArrowDown>button|emby-button.raised||Keep|","ArrowUp>a|button-link.emby-button||war in ukraine|","ArrowUp>a|button-link.emby-button||mourning|","ArrowUp>button|jfmod-versionRow.jfmod-versionRow--a
PASS [chrome] degrade: tv1080 episode: no indicator, no Trakt request, and the empty mount takes no space :: {"mount":{"children":0,"height":0,"firstInSection":true},"answered":[]}
PASS [chrome] degrade: tv1080 episode: page geometry equal the released build :: {"released":{"geometry":{"buttons":222,"genres":608,"overview":608}},"q16":{"geometry":{"buttons":222,"genres":608,"overview":608}}}
PASS [chrome] degrade: tv1080 season: no indicator, no Trakt request, and the empty mount takes no space :: {"mount":{"children":0,"height":0,"firstInSection":true},"answered":[]}
PASS [chrome] degrade: tv1080 season: page geometry equal the released build :: {"released":{"geometry":{"buttons":194,"genres":331,"overview":331}},"q16":{"geometry":{"buttons":194,"genres":331,"overview":331}}}
PASS [chrome] degrade: tv1080 series: no indicator, no Trakt request, and the empty mount takes no space :: {"mount":{"children":0,"height":0,"firstInSection":true},"answered":[]}
PASS [chrome] degrade: tv1080 series: page geometry equal the released build :: {"released":{"geometry":{"buttons":189,"genres":326,"overview":326}},"q16":{"geometry":{"buttons":189,"genres":326,"overview":326}}}
PASS [chrome] degrade: tv1080: no failed JellyfinMod request and no page error :: {"failed":[],"errors":[]}
PASS [chrome] degrade: tv720 movie: no indicator, no Trakt request, and the empty mount takes no space :: {"mount":{"children":0,"height":0,"firstInSection":true},"answered":[]}
PASS [chrome] degrade: tv720 movie: page geometry and D-pad walk equal the released build :: {"released":{"geometry":{"buttons":188,"genres":613,"overview":613},"walk":["button|button-flat.btnPlay.detailButton|resume|Play|","ArrowDown>select|selectSubtitles.detailTrackSelect.emby-select-withcolor||OffDanish - Default - SUBRIPEn|","ArrowDown>button|jfmod-versionRow||○2160p10.3 GBDefault|","ArrowDown>button|jfmod-versionRow.jfmod-versionRow--selected||●2160pHEVC · E-AC3 2.0 · 10.3 |","ArrowRight>button|card.overflowPortraitCard.personCard|link|Irina Kalininaas Self|","ArrowDown>button|card.overflowPortraitCard.show-animation|link|After Porn Ends2012|","ArrowDown>button|card.overflowPortraitCard.show-animation|link|After Porn Ends2012|","ArrowUp>button|card.overflowPortraitCard.personC
PASS [chrome] degrade: tv720 episode: no indicator, no Trakt request, and the empty mount takes no space :: {"mount":{"children":0,"height":0,"firstInSection":true},"answered":[]}
PASS [chrome] degrade: tv720 episode: page geometry equal the released build :: {"released":{"geometry":{"buttons":220,"genres":595,"overview":595}},"q16":{"geometry":{"buttons":220,"genres":595,"overview":595}}}
PASS [chrome] degrade: tv720 season: no indicator, no Trakt request, and the empty mount takes no space :: {"mount":{"children":0,"height":0,"firstInSection":true},"answered":[]}
PASS [chrome] degrade: tv720 season: page geometry equal the released build :: {"released":{"geometry":{"buttons":192,"genres":317,"overview":317}},"q16":{"geometry":{"buttons":192,"genres":317,"overview":317}}}
PASS [chrome] degrade: tv720 series: no indicator, no Trakt request, and the empty mount takes no space :: {"mount":{"children":0,"height":0,"firstInSection":true},"answered":[]}
PASS [chrome] degrade: tv720 series: page geometry equal the released build :: {"released":{"geometry":{"buttons":188,"genres":313,"overview":313}},"q16":{"geometry":{"buttons":188,"genres":313,"overview":313}}}
PASS [chrome] degrade: tv720: no failed JellyfinMod request and no page error :: {"failed":[],"errors":[]}
37 of 38 passed {"PASS":37,"FAIL":1}
