q16 browser chromium 153.0.8010.12
PASS [chromium] browser: desktop admin movie: without the Trakt plugin the page asks JellyfinMod nothing about Trakt :: {"requests":0}
PASS [chromium] browser: desktop admin movie: no indicator, the empty mount takes no space :: {"indicator":false,"text":null,"title":null,"focusable":false,"insideViewportWidth":null,"fontEm":null,"mount":{"children":0,"height":0,"firstInSection":true},"horizontalOverflow":false,"geometry":{"buttons":332,"genres":598,"overview":598,"childrenSection":null},"layout":"desktop"}
PASS [chromium] browser: desktop admin episode: without the Trakt plugin the page asks JellyfinMod nothing about Trakt :: {"requests":0}
PASS [chromium] browser: desktop admin episode: no indicator, the empty mount takes no space :: {"indicator":false,"text":null,"title":null,"focusable":false,"insideViewportWidth":null,"fontEm":null,"mount":{"children":0,"height":0,"firstInSection":true},"horizontalOverflow":false,"geometry":{"buttons":332,"genres":498,"overview":null,"childrenSection":null},"layout":"desktop"}
PASS [chromium] browser: desktop admin season1: without the Trakt plugin the page asks JellyfinMod nothing about Trakt :: {"requests":0}
PASS [chromium] browser: desktop admin season1: no indicator, the empty mount takes no space :: {"indicator":false,"text":null,"title":null,"focusable":false,"insideViewportWidth":null,"fontEm":null,"mount":{"children":0,"height":0,"firstInSection":true},"horizontalOverflow":false,"geometry":{"buttons":332,"genres":441,"overview":null,"childrenSection":464},"layout":"desktop"}
PASS [chromium] browser: desktop admin series: without the Trakt plugin the page asks JellyfinMod nothing about Trakt :: {"requests":0}
PASS [chromium] browser: desktop admin series: no indicator, the empty mount takes no space :: {"indicator":false,"text":null,"title":null,"focusable":false,"insideViewportWidth":null,"fontEm":null,"mount":{"children":0,"height":0,"firstInSection":true},"horizontalOverflow":false,"geometry":{"buttons":332,"genres":441,"overview":null,"childrenSection":794},"layout":"desktop"}
PASS [chromium] browser: desktop admin unwatched: without the Trakt plugin the page asks JellyfinMod nothing about Trakt :: {"requests":0}
PASS [chromium] browser: desktop admin unwatched: no indicator, the empty mount takes no space :: {"indicator":false,"text":null,"title":null,"focusable":false,"insideViewportWidth":null,"fontEm":null,"mount":{"children":0,"height":0,"firstInSection":true},"horizontalOverflow":false,"geometry":{"buttons":332,"genres":598,"overview":598,"childrenSection":null},"layout":"desktop"}
PASS [chromium] browser: desktop admin episode2: without the Trakt plugin the page asks JellyfinMod nothing about Trakt :: {"requests":0}
PASS [chromium] browser: desktop admin episode2: no indicator, the empty mount takes no space :: {"indicator":false,"text":null,"title":null,"focusable":false,"insideViewportWidth":null,"fontEm":null,"mount":{"children":0,"height":0,"firstInSection":true},"horizontalOverflow":false,"geometry":{"buttons":332,"genres":498,"overview":null,"childrenSection":null},"layout":"desktop"}
PASS [chromium] browser: desktop admin season2: without the Trakt plugin the page asks JellyfinMod nothing about Trakt :: {"requests":0}
PASS [chromium] browser: desktop admin season2: no indicator, the empty mount takes no space :: {"indicator":false,"text":null,"title":null,"focusable":false,"insideViewportWidth":null,"fontEm":null,"mount":{"children":0,"height":0,"firstInSection":true},"horizontalOverflow":false,"geometry":{"buttons":332,"genres":441,"overview":null,"childrenSection":464},"layout":"desktop"}
PASS [chromium] browser: desktop admin: no failed JellyfinMod request and no page error :: {"failed":[],"errors":[],"traktRequests":0,"benignRequests":[]}
PASS [chromium] browser: desktop viewer movie: without the Trakt plugin the page asks JellyfinMod nothing about Trakt :: {"requests":0}
PASS [chromium] browser: desktop viewer movie: no indicator, the empty mount takes no space :: {"indicator":false,"text":null,"title":null,"focusable":false,"insideViewportWidth":null,"fontEm":null,"mount":{"children":0,"height":0,"firstInSection":true},"horizontalOverflow":false,"geometry":{"buttons":332,"genres":560,"overview":560,"childrenSection":null},"layout":"desktop"}
PASS [chromium] browser: desktop viewer episode: without the Trakt plugin the page asks JellyfinMod nothing about Trakt :: {"requests":0}
PASS [chromium] browser: desktop viewer episode: no indicator, the empty mount takes no space :: {"indicator":false,"text":null,"title":null,"focusable":false,"insideViewportWidth":null,"fontEm":null,"mount":{"children":0,"height":0,"firstInSection":true},"horizontalOverflow":false,"geometry":{"buttons":332,"genres":498,"overview":null,"childrenSection":null},"layout":"desktop"}
PASS [chromium] browser: desktop viewer season1: without the Trakt plugin the page asks JellyfinMod nothing about Trakt :: {"requests":0}
PASS [chromium] browser: desktop viewer season1: no indicator, the empty mount takes no space :: {"indicator":false,"text":null,"title":null,"focusable":false,"insideViewportWidth":null,"fontEm":null,"mount":{"children":0,"height":0,"firstInSection":true},"horizontalOverflow":false,"geometry":{"buttons":332,"genres":441,"overview":null,"childrenSection":464},"layout":"desktop"}
PASS [chromium] browser: desktop viewer series: without the Trakt plugin the page asks JellyfinMod nothing about Trakt :: {"requests":0}
PASS [chromium] browser: desktop viewer series: no indicator, the empty mount takes no space :: {"indicator":false,"text":null,"title":null,"focusable":false,"insideViewportWidth":null,"fontEm":null,"mount":{"children":0,"height":0,"firstInSection":true},"horizontalOverflow":false,"geometry":{"buttons":332,"genres":441,"overview":null,"childrenSection":794},"layout":"desktop"}
PASS [chromium] browser: desktop viewer unwatched: without the Trakt plugin the page asks JellyfinMod nothing about Trakt :: {"requests":0}
PASS [chromium] browser: desktop viewer unwatched: no indicator, the empty mount takes no space :: {"indicator":false,"text":null,"title":null,"focusable":false,"insideViewportWidth":null,"fontEm":null,"mount":{"children":0,"height":0,"firstInSection":true},"horizontalOverflow":false,"geometry":{"buttons":332,"genres":560,"overview":560,"childrenSection":null},"layout":"desktop"}
PASS [chromium] browser: desktop viewer episode2: without the Trakt plugin the page asks JellyfinMod nothing about Trakt :: {"requests":0}
PASS [chromium] browser: desktop viewer episode2: no indicator, the empty mount takes no space :: {"indicator":false,"text":null,"title":null,"focusable":false,"insideViewportWidth":null,"fontEm":null,"mount":{"children":0,"height":0,"firstInSection":true},"horizontalOverflow":false,"geometry":{"buttons":332,"genres":498,"overview":null,"childrenSection":null},"layout":"desktop"}
PASS [chromium] browser: desktop viewer season2: without the Trakt plugin the page asks JellyfinMod nothing about Trakt :: {"requests":0}
PASS [chromium] browser: desktop viewer season2: no indicator, the empty mount takes no space :: {"indicator":false,"text":null,"title":null,"focusable":false,"insideViewportWidth":null,"fontEm":null,"mount":{"children":0,"height":0,"firstInSection":true},"horizontalOverflow":false,"geometry":{"buttons":332,"genres":441,"overview":null,"childrenSection":464},"layout":"desktop"}
PASS [chromium] browser: desktop viewer: no failed JellyfinMod request and no page error :: {"failed":[],"errors":[],"traktRequests":0,"benignRequests":[{"url":"/JellyfinMod/Queue","status":403}]}
PASS [chromium] browser: mobile admin movie: without the Trakt plugin the page asks JellyfinMod nothing about Trakt :: {"requests":0}
PASS [chromium] browser: mobile admin movie: no indicator, the empty mount takes no space :: {"indicator":false,"text":null,"title":null,"focusable":false,"insideViewportWidth":null,"fontEm":null,"mount":{"children":0,"height":0,"firstInSection":true},"horizontalOverflow":false,"geometry":{"buttons":413,"genres":665,"overview":665,"childrenSection":null},"layout":"mobile"}
PASS [chromium] browser: mobile admin episode: without the Trakt plugin the page asks JellyfinMod nothing about Trakt :: {"requests":0}
PASS [chromium] browser: mobile admin episode: no indicator, the empty mount takes no space :: {"indicator":false,"text":null,"title":null,"focusable":false,"insideViewportWidth":null,"fontEm":null,"mount":{"children":0,"height":0,"firstInSection":true},"horizontalOverflow":false,"geometry":{"buttons":430,"genres":567,"overview":null,"childrenSection":null},"layout":"mobile"}
PASS [chromium] browser: mobile admin season1: without the Trakt plugin the page asks JellyfinMod nothing about Trakt :: {"requests":0}
PASS [chromium] browser: mobile admin season1: no indicator, the empty mount takes no space :: {"indicator":false,"text":null,"title":null,"focusable":false,"insideViewportWidth":null,"fontEm":null,"mount":{"children":0,"height":0,"firstInSection":true},"horizontalOverflow":false,"geometry":{"buttons":380,"genres":463,"overview":null,"childrenSection":485},"layout":"mobile"}
PASS [chromium] browser: mobile admin series: without the Trakt plugin the page asks JellyfinMod nothing about Trakt :: {"requests":0}
PASS [chromium] browser: mobile admin series: no indicator, the empty mount takes no space :: {"indicator":false,"text":null,"title":null,"focusable":false,"insideViewportWidth":null,"fontEm":null,"mount":{"children":0,"height":0,"firstInSection":true},"horizontalOverflow":false,"geometry":{"buttons":382,"genres":465,"overview":null,"childrenSection":774},"layout":"mobile"}
PASS [chromium] browser: mobile admin unwatched: without the Trakt plugin the page asks JellyfinMod nothing about Trakt :: {"requests":0}
PASS [chromium] browser: mobile admin unwatched: no indicator, the empty mount takes no space :: {"indicator":false,"text":null,"title":null,"focusable":false,"insideViewportWidth":null,"fontEm":null,"mount":{"children":0,"height":0,"firstInSection":true},"horizontalOverflow":false,"geometry":{"buttons":413,"genres":665,"overview":665,"childrenSection":null},"layout":"mobile"}
PASS [chromium] browser: mobile admin episode2: without the Trakt plugin the page asks JellyfinMod nothing about Trakt :: {"requests":0}
PASS [chromium] browser: mobile admin episode2: no indicator, the empty mount takes no space :: {"indicator":false,"text":null,"title":null,"focusable":false,"insideViewportWidth":null,"fontEm":null,"mount":{"children":0,"height":0,"firstInSection":true},"horizontalOverflow":false,"geometry":{"buttons":430,"genres":567,"overview":null,"childrenSection":null},"layout":"mobile"}
PASS [chromium] browser: mobile admin season2: without the Trakt plugin the page asks JellyfinMod nothing about Trakt :: {"requests":0}
PASS [chromium] browser: mobile admin season2: no indicator, the empty mount takes no space :: {"indicator":false,"text":null,"title":null,"focusable":false,"insideViewportWidth":null,"fontEm":null,"mount":{"children":0,"height":0,"firstInSection":true},"horizontalOverflow":false,"geometry":{"buttons":380,"genres":463,"overview":null,"childrenSection":485},"layout":"mobile"}
PASS [chromium] browser: mobile admin: no failed JellyfinMod request and no page error :: {"failed":[],"errors":[],"traktRequests":0,"benignRequests":[]}
PASS [chromium] browser: mobile viewer movie: without the Trakt plugin the page asks JellyfinMod nothing about Trakt :: {"requests":0}
PASS [chromium] browser: mobile viewer movie: no indicator, the empty mount takes no space :: {"indicator":false,"text":null,"title":null,"focusable":false,"insideViewportWidth":null,"fontEm":null,"mount":{"children":0,"height":0,"firstInSection":true},"horizontalOverflow":false,"geometry":{"buttons":413,"genres":629,"overview":629,"childrenSection":null},"layout":"mobile"}
PASS [chromium] browser: mobile viewer episode: without the Trakt plugin the page asks JellyfinMod nothing about Trakt :: {"requests":0}
PASS [chromium] browser: mobile viewer episode: no indicator, the empty mount takes no space :: {"indicator":false,"text":null,"title":null,"focusable":false,"insideViewportWidth":null,"fontEm":null,"mount":{"children":0,"height":0,"firstInSection":true},"horizontalOverflow":false,"geometry":{"buttons":430,"genres":567,"overview":null,"childrenSection":null},"layout":"mobile"}
PASS [chromium] browser: mobile viewer season1: without the Trakt plugin the page asks JellyfinMod nothing about Trakt :: {"requests":0}
PASS [chromium] browser: mobile viewer season1: no indicator, the empty mount takes no space :: {"indicator":false,"text":null,"title":null,"focusable":false,"insideViewportWidth":null,"fontEm":null,"mount":{"children":0,"height":0,"firstInSection":true},"horizontalOverflow":false,"geometry":{"buttons":380,"genres":463,"overview":null,"childrenSection":485},"layout":"mobile"}
PASS [chromium] browser: mobile viewer series: without the Trakt plugin the page asks JellyfinMod nothing about Trakt :: {"requests":0}
PASS [chromium] browser: mobile viewer series: no indicator, the empty mount takes no space :: {"indicator":false,"text":null,"title":null,"focusable":false,"insideViewportWidth":null,"fontEm":null,"mount":{"children":0,"height":0,"firstInSection":true},"horizontalOverflow":false,"geometry":{"buttons":382,"genres":465,"overview":null,"childrenSection":774},"layout":"mobile"}
PASS [chromium] browser: mobile viewer unwatched: without the Trakt plugin the page asks JellyfinMod nothing about Trakt :: {"requests":0}
PASS [chromium] browser: mobile viewer unwatched: no indicator, the empty mount takes no space :: {"indicator":false,"text":null,"title":null,"focusable":false,"insideViewportWidth":null,"fontEm":null,"mount":{"children":0,"height":0,"firstInSection":true},"horizontalOverflow":false,"geometry":{"buttons":413,"genres":629,"overview":629,"childrenSection":null},"layout":"mobile"}
PASS [chromium] browser: mobile viewer episode2: without the Trakt plugin the page asks JellyfinMod nothing about Trakt :: {"requests":0}
PASS [chromium] browser: mobile viewer episode2: no indicator, the empty mount takes no space :: {"indicator":false,"text":null,"title":null,"focusable":false,"insideViewportWidth":null,"fontEm":null,"mount":{"children":0,"height":0,"firstInSection":true},"horizontalOverflow":false,"geometry":{"buttons":430,"genres":567,"overview":null,"childrenSection":null},"layout":"mobile"}
PASS [chromium] browser: mobile viewer season2: without the Trakt plugin the page asks JellyfinMod nothing about Trakt :: {"requests":0}
PASS [chromium] browser: mobile viewer season2: no indicator, the empty mount takes no space :: {"indicator":false,"text":null,"title":null,"focusable":false,"insideViewportWidth":null,"fontEm":null,"mount":{"children":0,"height":0,"firstInSection":true},"horizontalOverflow":false,"geometry":{"buttons":380,"genres":463,"overview":null,"childrenSection":485},"layout":"mobile"}
PASS [chromium] browser: mobile viewer: no failed JellyfinMod request and no page error :: {"failed":[],"errors":[],"traktRequests":0,"benignRequests":[{"url":"/JellyfinMod/Queue","status":403}]}
PASS [chromium] browser: tv1080 admin movie: without the Trakt plugin the page asks JellyfinMod nothing about Trakt :: {"requests":0}
PASS [chromium] browser: tv1080 admin movie: no indicator, the empty mount takes no space :: {"indicator":false,"text":null,"title":null,"focusable":false,"insideViewportWidth":null,"fontEm":null,"mount":{"children":0,"height":0,"firstInSection":true},"horizontalOverflow":false,"geometry":{"buttons":181,"genres":527,"overview":527,"childrenSection":null},"layout":"tv"}
PASS [chromium] browser: tv1080 admin movie: the D-pad never lands on the indicator :: {"walk":["button|button-flat.btnPlay.detailButton|resume|Play|","ArrowDown>button|jfmod-versionRow.jfmod-versionRow--selected||●480pH.264 · AAC mono · 2 MBDe|","ArrowDown>button|jfmod-versionRow.jfmod-versionRow--add||+Get another quality|","ArrowDown>button|emby-button.raised||Search releases|","ArrowRight>button|emby-button.raised||Get another quality|","ArrowDown>button|emby-button.jfmod-historyToggle||▸ History · Discovered in Jell|","ArrowDown>button|emby-button.jfmod-historyToggle||▸ History · Discovered in Jell|","ArrowUp>button|emby-button.raised||Search releases|","ArrowUp>button|jfmod-versionRow.jfmod-versionRow--add||+Get another quality|","ArrowUp>button|jfmod-versionRow.jfmod-ve
PASS [chromium] browser: tv1080 admin movie: the D-pad walk equals the walk with the indicator shown :: {"with":["button|button-flat.btnPlay.detailButton|resume|Play|","ArrowDown>button|jfmod-versionRow.jfmod-versionRow--selected||●480pH.264 · AAC mono · 2 MBDe|","ArrowDown>button|jfmod-versionRow.jfmod-versionRow--add||+Get another quality|","ArrowDown>button|emby-button.raised||Search releases|","ArrowRight>button|emby-button.raised||Get another quality|","ArrowDown>button|emby-button.jfmod-historyToggle||▸ History · Discovered in Jell|","ArrowDown>button|emby-button.jfmod-historyToggle||▸ History · Discovered in Jell|","ArrowUp>button|emby-button.raised||Search releases|","ArrowUp>button|jfmod-versionRow.jfmod-versionRow--add||+Get another quality|","ArrowUp>button|jfmod-versionRow.jfmod-ve
PASS [chromium] browser: tv1080 admin episode: without the Trakt plugin the page asks JellyfinMod nothing about Trakt :: {"requests":0}
PASS [chromium] browser: tv1080 admin episode: no indicator, the empty mount takes no space :: {"indicator":false,"text":null,"title":null,"focusable":false,"insideViewportWidth":null,"fontEm":null,"mount":{"children":0,"height":0,"firstInSection":true},"horizontalOverflow":false,"geometry":{"buttons":221,"genres":434,"overview":null,"childrenSection":null},"layout":"tv"}
PASS [chromium] browser: tv1080 admin season1: without the Trakt plugin the page asks JellyfinMod nothing about Trakt :: {"requests":0}
PASS [chromium] browser: tv1080 admin season1: no indicator, the empty mount takes no space :: {"indicator":false,"text":null,"title":null,"focusable":false,"insideViewportWidth":null,"fontEm":null,"mount":{"children":0,"height":0,"firstInSection":true},"horizontalOverflow":false,"geometry":{"buttons":194,"genres":331,"overview":null,"childrenSection":361},"layout":"tv"}
PASS [chromium] browser: tv1080 admin series: without the Trakt plugin the page asks JellyfinMod nothing about Trakt :: {"requests":0}
PASS [chromium] browser: tv1080 admin series: no indicator, the empty mount takes no space :: {"indicator":false,"text":null,"title":null,"focusable":false,"insideViewportWidth":null,"fontEm":null,"mount":{"children":0,"height":0,"firstInSection":true},"horizontalOverflow":false,"geometry":{"buttons":181,"genres":318,"overview":null,"childrenSection":860},"layout":"tv"}
PASS [chromium] browser: tv1080 admin unwatched: without the Trakt plugin the page asks JellyfinMod nothing about Trakt :: {"requests":0}
PASS [chromium] browser: tv1080 admin unwatched: no indicator, the empty mount takes no space :: {"indicator":false,"text":null,"title":null,"focusable":false,"insideViewportWidth":null,"fontEm":null,"mount":{"children":0,"height":0,"firstInSection":true},"horizontalOverflow":false,"geometry":{"buttons":181,"genres":527,"overview":527,"childrenSection":null},"layout":"tv"}
PASS [chromium] browser: tv1080 admin episode2: without the Trakt plugin the page asks JellyfinMod nothing about Trakt :: {"requests":0}
PASS [chromium] browser: tv1080 admin episode2: no indicator, the empty mount takes no space :: {"indicator":false,"text":null,"title":null,"focusable":false,"insideViewportWidth":null,"fontEm":null,"mount":{"children":0,"height":0,"firstInSection":true},"horizontalOverflow":false,"geometry":{"buttons":221,"genres":434,"overview":null,"childrenSection":null},"layout":"tv"}
PASS [chromium] browser: tv1080 admin season2: without the Trakt plugin the page asks JellyfinMod nothing about Trakt :: {"requests":0}
PASS [chromium] browser: tv1080 admin season2: no indicator, the empty mount takes no space :: {"indicator":false,"text":null,"title":null,"focusable":false,"insideViewportWidth":null,"fontEm":null,"mount":{"children":0,"height":0,"firstInSection":true},"horizontalOverflow":false,"geometry":{"buttons":194,"genres":331,"overview":null,"childrenSection":361},"layout":"tv"}
PASS [chromium] browser: tv1080 admin: no failed JellyfinMod request and no page error :: {"failed":[],"errors":[],"traktRequests":0,"benignRequests":[]}
PASS [chromium] browser: tv1080 viewer movie: without the Trakt plugin the page asks JellyfinMod nothing about Trakt :: {"requests":0}
PASS [chromium] browser: tv1080 viewer movie: no indicator, the empty mount takes no space :: {"indicator":false,"text":null,"title":null,"focusable":false,"insideViewportWidth":null,"fontEm":null,"mount":{"children":0,"height":0,"firstInSection":true},"horizontalOverflow":false,"geometry":{"buttons":181,"genres":476,"overview":476,"childrenSection":null},"layout":"tv"}
PASS [chromium] browser: tv1080 viewer episode: without the Trakt plugin the page asks JellyfinMod nothing about Trakt :: {"requests":0}
PASS [chromium] browser: tv1080 viewer episode: no indicator, the empty mount takes no space :: {"indicator":false,"text":null,"title":null,"focusable":false,"insideViewportWidth":null,"fontEm":null,"mount":{"children":0,"height":0,"firstInSection":true},"horizontalOverflow":false,"geometry":{"buttons":221,"genres":434,"overview":null,"childrenSection":null},"layout":"tv"}
PASS [chromium] browser: tv1080 viewer season1: without the Trakt plugin the page asks JellyfinMod nothing about Trakt :: {"requests":0}
PASS [chromium] browser: tv1080 viewer season1: no indicator, the empty mount takes no space :: {"indicator":false,"text":null,"title":null,"focusable":false,"insideViewportWidth":null,"fontEm":null,"mount":{"children":0,"height":0,"firstInSection":true},"horizontalOverflow":false,"geometry":{"buttons":194,"genres":331,"overview":null,"childrenSection":361},"layout":"tv"}
PASS [chromium] browser: tv1080 viewer series: without the Trakt plugin the page asks JellyfinMod nothing about Trakt :: {"requests":0}
PASS [chromium] browser: tv1080 viewer series: no indicator, the empty mount takes no space :: {"indicator":false,"text":null,"title":null,"focusable":false,"insideViewportWidth":null,"fontEm":null,"mount":{"children":0,"height":0,"firstInSection":true},"horizontalOverflow":false,"geometry":{"buttons":181,"genres":318,"overview":null,"childrenSection":860},"layout":"tv"}
PASS [chromium] browser: tv1080 viewer unwatched: without the Trakt plugin the page asks JellyfinMod nothing about Trakt :: {"requests":0}
PASS [chromium] browser: tv1080 viewer unwatched: no indicator, the empty mount takes no space :: {"indicator":false,"text":null,"title":null,"focusable":false,"insideViewportWidth":null,"fontEm":null,"mount":{"children":0,"height":0,"firstInSection":true},"horizontalOverflow":false,"geometry":{"buttons":181,"genres":476,"overview":476,"childrenSection":null},"layout":"tv"}
PASS [chromium] browser: tv1080 viewer episode2: without the Trakt plugin the page asks JellyfinMod nothing about Trakt :: {"requests":0}
PASS [chromium] browser: tv1080 viewer episode2: no indicator, the empty mount takes no space :: {"indicator":false,"text":null,"title":null,"focusable":false,"insideViewportWidth":null,"fontEm":null,"mount":{"children":0,"height":0,"firstInSection":true},"horizontalOverflow":false,"geometry":{"buttons":221,"genres":434,"overview":null,"childrenSection":null},"layout":"tv"}
PASS [chromium] browser: tv1080 viewer season2: without the Trakt plugin the page asks JellyfinMod nothing about Trakt :: {"requests":0}
PASS [chromium] browser: tv1080 viewer season2: no indicator, the empty mount takes no space :: {"indicator":false,"text":null,"title":null,"focusable":false,"insideViewportWidth":null,"fontEm":null,"mount":{"children":0,"height":0,"firstInSection":true},"horizontalOverflow":false,"geometry":{"buttons":194,"genres":331,"overview":null,"childrenSection":361},"layout":"tv"}
PASS [chromium] browser: tv1080 viewer: no failed JellyfinMod request and no page error :: {"failed":[],"errors":[],"traktRequests":0,"benignRequests":[{"url":"/JellyfinMod/Queue","status":403}]}
PASS [chromium] browser: tv720 admin movie: without the Trakt plugin the page asks JellyfinMod nothing about Trakt :: {"requests":0}
PASS [chromium] browser: tv720 admin movie: no indicator, the empty mount takes no space :: {"indicator":false,"text":null,"title":null,"focusable":false,"insideViewportWidth":null,"fontEm":null,"mount":{"children":0,"height":0,"firstInSection":true},"horizontalOverflow":false,"geometry":{"buttons":180,"genres":513,"overview":513,"childrenSection":null},"layout":"tv"}
PASS [chromium] browser: tv720 admin movie: the D-pad never lands on the indicator :: {"walk":["button|button-flat.btnPlay.detailButton|resume|Play|","ArrowDown>button|jfmod-versionRow.jfmod-versionRow--selected||●480pH.264 · AAC mono · 2 MBDe|","ArrowDown>button|jfmod-versionRow.jfmod-versionRow--add||+Get another quality|","ArrowDown>button|emby-button.raised||Search releases|","ArrowRight>button|emby-button.raised||Get another quality|","ArrowDown>button|emby-button.jfmod-historyToggle||▸ History · Discovered in Jell|","ArrowDown>button|emby-button.jfmod-historyToggle||▸ History · Discovered in Jell|","ArrowUp>button|emby-button.raised||Search releases|","ArrowUp>button|jfmod-versionRow.jfmod-versionRow--add||+Get another quality|","ArrowUp>button|jfmod-versionRow.jfmod-ve
PASS [chromium] browser: tv720 admin movie: the D-pad walk equals the walk with the indicator shown :: {"with":["button|button-flat.btnPlay.detailButton|resume|Play|","ArrowDown>button|jfmod-versionRow.jfmod-versionRow--selected||●480pH.264 · AAC mono · 2 MBDe|","ArrowDown>button|jfmod-versionRow.jfmod-versionRow--add||+Get another quality|","ArrowDown>button|emby-button.raised||Search releases|","ArrowRight>button|emby-button.raised||Get another quality|","ArrowDown>button|emby-button.jfmod-historyToggle||▸ History · Discovered in Jell|","ArrowDown>button|emby-button.jfmod-historyToggle||▸ History · Discovered in Jell|","ArrowUp>button|emby-button.raised||Search releases|","ArrowUp>button|jfmod-versionRow.jfmod-versionRow--add||+Get another quality|","ArrowUp>button|jfmod-versionRow.jfmod-ve
PASS [chromium] browser: tv720 admin episode: without the Trakt plugin the page asks JellyfinMod nothing about Trakt :: {"requests":0}
PASS [chromium] browser: tv720 admin episode: no indicator, the empty mount takes no space :: {"indicator":false,"text":null,"title":null,"focusable":false,"insideViewportWidth":null,"fontEm":null,"mount":{"children":0,"height":0,"firstInSection":true},"horizontalOverflow":false,"geometry":{"buttons":219,"genres":420,"overview":null,"childrenSection":null},"layout":"tv"}
PASS [chromium] browser: tv720 admin season1: without the Trakt plugin the page asks JellyfinMod nothing about Trakt :: {"requests":0}
PASS [chromium] browser: tv720 admin season1: no indicator, the empty mount takes no space :: {"indicator":false,"text":null,"title":null,"focusable":false,"insideViewportWidth":null,"fontEm":null,"mount":{"children":0,"height":0,"firstInSection":true},"horizontalOverflow":false,"geometry":{"buttons":192,"genres":317,"overview":null,"childrenSection":347},"layout":"tv"}
PASS [chromium] browser: tv720 admin series: without the Trakt plugin the page asks JellyfinMod nothing about Trakt :: {"requests":0}
PASS [chromium] browser: tv720 admin series: no indicator, the empty mount takes no space :: {"indicator":false,"text":null,"title":null,"focusable":false,"insideViewportWidth":null,"fontEm":null,"mount":{"children":0,"height":0,"firstInSection":true},"horizontalOverflow":false,"geometry":{"buttons":180,"genres":305,"overview":null,"childrenSection":762},"layout":"tv"}
PASS [chromium] browser: tv720 admin unwatched: without the Trakt plugin the page asks JellyfinMod nothing about Trakt :: {"requests":0}
PASS [chromium] browser: tv720 admin unwatched: no indicator, the empty mount takes no space :: {"indicator":false,"text":null,"title":null,"focusable":false,"insideViewportWidth":null,"fontEm":null,"mount":{"children":0,"height":0,"firstInSection":true},"horizontalOverflow":false,"geometry":{"buttons":180,"genres":513,"overview":513,"childrenSection":null},"layout":"tv"}
PASS [chromium] browser: tv720 admin episode2: without the Trakt plugin the page asks JellyfinMod nothing about Trakt :: {"requests":0}
PASS [chromium] browser: tv720 admin episode2: no indicator, the empty mount takes no space :: {"indicator":false,"text":null,"title":null,"focusable":false,"insideViewportWidth":null,"fontEm":null,"mount":{"children":0,"height":0,"firstInSection":true},"horizontalOverflow":false,"geometry":{"buttons":219,"genres":420,"overview":null,"childrenSection":null},"layout":"tv"}
PASS [chromium] browser: tv720 admin season2: without the Trakt plugin the page asks JellyfinMod nothing about Trakt :: {"requests":0}
PASS [chromium] browser: tv720 admin season2: no indicator, the empty mount takes no space :: {"indicator":false,"text":null,"title":null,"focusable":false,"insideViewportWidth":null,"fontEm":null,"mount":{"children":0,"height":0,"firstInSection":true},"horizontalOverflow":false,"geometry":{"buttons":192,"genres":317,"overview":null,"childrenSection":347},"layout":"tv"}
PASS [chromium] browser: tv720 admin: no failed JellyfinMod request and no page error :: {"failed":[],"errors":[],"traktRequests":0,"benignRequests":[]}
PASS [chromium] browser: tv720 viewer movie: without the Trakt plugin the page asks JellyfinMod nothing about Trakt :: {"requests":0}
PASS [chromium] browser: tv720 viewer movie: no indicator, the empty mount takes no space :: {"indicator":false,"text":null,"title":null,"focusable":false,"insideViewportWidth":null,"fontEm":null,"mount":{"children":0,"height":0,"firstInSection":true},"horizontalOverflow":false,"geometry":{"buttons":180,"genres":462,"overview":462,"childrenSection":null},"layout":"tv"}
PASS [chromium] browser: tv720 viewer episode: without the Trakt plugin the page asks JellyfinMod nothing about Trakt :: {"requests":0}
PASS [chromium] browser: tv720 viewer episode: no indicator, the empty mount takes no space :: {"indicator":false,"text":null,"title":null,"focusable":false,"insideViewportWidth":null,"fontEm":null,"mount":{"children":0,"height":0,"firstInSection":true},"horizontalOverflow":false,"geometry":{"buttons":219,"genres":420,"overview":null,"childrenSection":null},"layout":"tv"}
PASS [chromium] browser: tv720 viewer season1: without the Trakt plugin the page asks JellyfinMod nothing about Trakt :: {"requests":0}
PASS [chromium] browser: tv720 viewer season1: no indicator, the empty mount takes no space :: {"indicator":false,"text":null,"title":null,"focusable":false,"insideViewportWidth":null,"fontEm":null,"mount":{"children":0,"height":0,"firstInSection":true},"horizontalOverflow":false,"geometry":{"buttons":192,"genres":317,"overview":null,"childrenSection":347},"layout":"tv"}
PASS [chromium] browser: tv720 viewer series: without the Trakt plugin the page asks JellyfinMod nothing about Trakt :: {"requests":0}
PASS [chromium] browser: tv720 viewer series: no indicator, the empty mount takes no space :: {"indicator":false,"text":null,"title":null,"focusable":false,"insideViewportWidth":null,"fontEm":null,"mount":{"children":0,"height":0,"firstInSection":true},"horizontalOverflow":false,"geometry":{"buttons":180,"genres":305,"overview":null,"childrenSection":762},"layout":"tv"}
PASS [chromium] browser: tv720 viewer unwatched: without the Trakt plugin the page asks JellyfinMod nothing about Trakt :: {"requests":0}
PASS [chromium] browser: tv720 viewer unwatched: no indicator, the empty mount takes no space :: {"indicator":false,"text":null,"title":null,"focusable":false,"insideViewportWidth":null,"fontEm":null,"mount":{"children":0,"height":0,"firstInSection":true},"horizontalOverflow":false,"geometry":{"buttons":180,"genres":462,"overview":462,"childrenSection":null},"layout":"tv"}
PASS [chromium] browser: tv720 viewer episode2: without the Trakt plugin the page asks JellyfinMod nothing about Trakt :: {"requests":0}
PASS [chromium] browser: tv720 viewer episode2: no indicator, the empty mount takes no space :: {"indicator":false,"text":null,"title":null,"focusable":false,"insideViewportWidth":null,"fontEm":null,"mount":{"children":0,"height":0,"firstInSection":true},"horizontalOverflow":false,"geometry":{"buttons":219,"genres":420,"overview":null,"childrenSection":null},"layout":"tv"}
PASS [chromium] browser: tv720 viewer season2: without the Trakt plugin the page asks JellyfinMod nothing about Trakt :: {"requests":0}
PASS [chromium] browser: tv720 viewer season2: no indicator, the empty mount takes no space :: {"indicator":false,"text":null,"title":null,"focusable":false,"insideViewportWidth":null,"fontEm":null,"mount":{"children":0,"height":0,"firstInSection":true},"horizontalOverflow":false,"geometry":{"buttons":192,"genres":317,"overview":null,"childrenSection":347},"layout":"tv"}
PASS [chromium] browser: tv720 viewer: no failed JellyfinMod request and no page error :: {"failed":[],"errors":[],"traktRequests":0,"benignRequests":[{"url":"/JellyfinMod/Queue","status":403}]}
PASS [chromium] browser: The API agrees: installed false and history only where shown :: {"answers":{"movie":{"status":200,"installed":false,"hasHistory":false,"lastSyncedAt":null},"episode":{"status":200,"installed":false,"hasHistory":false,"lastSyncedAt":null},"season1":{"status":200,"installed":false,"hasHistory":false,"lastSyncedAt":null},"series":{"status":200,"installed":false,"hasHistory":false,"lastSyncedAt":null},"unwatched":{"status":200,"installed":false,"hasHistory":false,"lastSyncedAt":null},"episode2":{"status":200,"installed":false,"hasHistory":false,"lastSyncedAt":null},"season2":{"status":200,"installed":false,"hasHistory":false,"lastSyncedAt":null}},"trakt":{"Installed":false}}
125 of 125 passed {"PASS":125}
